RAM Allocation [bytes]
Variable                                                                          Address   Size
------------------------------------------------------------------------------------------------
digit                                                                             0x0260       4

EEPROM Allocation [bytes]
Variable                                                                          Address   Size
------------------------------------------------------------------------------------------------

Register Allocation
Variable                                                                          Register  Size
------------------------------------------------------------------------------------------------
LCD_ref                                                                           R4,R5        2
i                                                                                 R6,R7        2
row                                                                               R8,R9        2
col                                                                               R10,R11      2
input                                                                             R12,R13      2

FLASH Allocation [words]
Function                                                                          Address   Size
------------------------------------------------------------------------------------------------
timer0_comp_isr                                                                   0x0006C      1
main                                                                              0x0006D     44
display_on_seven_segment                                                          0x00099     73
